{"name":"Laravel","company":"Laravel","platform":"Laravel","url":"https://example.com","email":"test@example.com","currencies":{"@currency":[{"@attributes":{"id":"RUR","rate":"1"}}]},"categories":{"@category":[{"@attributes":{"id":41},"@value":"Домашние майки"},{"@attributes":{"id":539},"@value":"Велосипедки"},{"@attributes":{"id":44},"@value":"Ремни"}]}}
{"id":1,"title":"Some 1","content":"Some content 1","created_at":"2025-09-04T04:08:12.000000Z","updated_at":"2025-09-04T04:08:12.000000Z"}
{"id":2,"title":"Some 2","content":"Some content 2","created_at":"2025-09-04T04:08:12.000000Z","updated_at":"2025-09-04T04:08:12.000000Z"}
{"id":3,"title":"Some 3","content":"Some content 3","created_at":"2025-09-04T04:08:12.000000Z","updated_at":"2025-09-04T04:08:12.000000Z"}