<!DOCTYPE yml_catalog SYSTEM "shops.dtd">
<yml_catalog date="2025-08-30T21:14:49+00:00">
    <shop>
        <name>Laravel</name>
        <company>Laravel</company>
        <url>http://localhost</url>
        <platform>Laravel</platform>
        <email>test@example.com</email>
        <currencies>
            <currency id="RUR" rate="1"/>
        </currencies>
        <categories>
            <category id="41">Домашние майки</category>
            <category id="539">Велосипедки</category>
            <category id="44">Ремни</category>
        </categories>
<offers>
<offer id="1" available="true" type="vendor.model">
  <url>http://localhost/products/GD-PRDCT-1</url>
  <barcode>GD-PRDCT-1</barcode>
  <name>Some 1</name>
  <description>Some description 1</description>
  <delivery>true</delivery>
  <price>100</price>
  <currencyId>RUR</currencyId>
  <vendor>The Best</vendor>
  <picture>https://via.placeholder.com/640x480.png/008877?text=repudiandae</picture>
  <param name="Article">GD-PRDCT-1</param>
  <param name="Brand">The Best</param>
</offer>
<offer id="2" available="true" type="vendor.model">
  <url>http://localhost/products/GD-PRDCT-2</url>
  <barcode>GD-PRDCT-2</barcode>
  <name>Some 2</name>
  <description>Some description 2</description>
  <delivery>true</delivery>
  <price>250</price>
  <currencyId>RUR</currencyId>
  <vendor>The Best</vendor>
  <picture>https://via.placeholder.com/640x480.png/009966?text=beatae</picture>
  <picture>https://via.placeholder.com/640x480.png/000011?text=deleniti</picture>
  <picture>https://via.placeholder.com/640x480.png/009999?text=voluptates</picture>
  <param name="Article">GD-PRDCT-2</param>
  <param name="Brand">The Best</param>
</offer>
<offer id="3" available="false" type="vendor.model">
  <url>http://localhost/products/GD-PRDCT-3</url>
  <barcode>GD-PRDCT-3</barcode>
  <name>Some 3</name>
  <description>Some description 3</description>
  <delivery>true</delivery>
  <price>400</price>
  <currencyId>RUR</currencyId>
  <vendor>The Best</vendor>
  <picture>https://via.placeholder.com/640x480.png/000044?text=asperiores</picture>
  <picture>https://via.placeholder.com/640x480.png/0055ff?text=expedita</picture>
  <param name="Article">GD-PRDCT-3</param>
  <param name="Brand">The Best</param>
</offer>
</offers>

</shop>
</yml_catalog>