<?php

declare(strict_types=1);

namespace App\Feeds;

use DragonCode\LaravelFeed\Data\ElementData;
use DragonCode\LaravelFeed\Feeds\Feed;
use DragonCode\LaravelFeed\Feeds\Items\FeedItem;
use Illuminate\Database\Eloquent\Builder;
use Illuminate\Database\Eloquent\Model;
use Illuminate\Foundation\Auth\User;

class QweRtyFeed extends Feed
{
    public function builder(): Builder
    {
        return User::query();
    }

    public function root(): ElementData
    {
        return new ElementData('users');
    }

    public function filename(): string
    {
        return 'my-feed.xml';
    }

    public function item(Model $model): FeedItem
    {
        return new Items\QweRtyFeedItem($model);
    }
}
