<?php

declare(strict_types=1);

use App\Feeds\FooBarFeed;
use DragonCode\LaravelFeed\Queries\FeedQuery;
use Illuminate\Database\Migrations\Migration;

return new class extends Migration {
    public $withinTransaction = false;

    public function up(): void
    {
        app(FeedQuery::class)->create(
            class     : FooBarFeed::class,
            title     : 'Foo Bar',
            expression: '* * * * *'
        );
    }
};
