<?xml version="1.0" encoding="UTF-8"?>
<SplitXmlFeed>

<news>
  <record_title>[NEWS]:Some 1</record_title>
  <record_content>Some content 1</record_content>
  <extra>Some extra data</extra>
  <with_attributes>
    <Good_guy my-key-1="my value 1" my-key-2="my value 2">
      <name>Luke Skywalker</name>
      <weapon>Lightsaber</weapon>
    </Good_guy>
    <Bad_guy>
      <name><![CDATA[<h1>Sauron</h1>]]></name>
      <weapon>Evil Eye</weapon>
    </Bad_guy>
  </with_attributes>
  <with_mixed><first>line</first>
<second>line with <a href="https://example.com">some</a> html/xml tag</second>
<third>line with &amp; symbol</third></with_mixed>
</news>
<news>
  <record_title>[NEWS]:Some 2</record_title>
  <record_content>Some content 2</record_content>
  <extra>Some extra data</extra>
  <with_attributes>
    <Good_guy my-key-1="my value 1" my-key-2="my value 2">
      <name>Luke Skywalker</name>
      <weapon>Lightsaber</weapon>
    </Good_guy>
    <Bad_guy>
      <name><![CDATA[<h1>Sauron</h1>]]></name>
      <weapon>Evil Eye</weapon>
    </Bad_guy>
  </with_attributes>
  <with_mixed><first>line</first>
<second>line with <a href="https://example.com">some</a> html/xml tag</second>
<third>line with &amp; symbol</third></with_mixed>
</news>

</SplitXmlFeed>
